// Jest Snapshot v1, https://goo.gl/fbAQLP

exports[`<App /> renders 1`] = `
<div
  className="App"
>
  <header
    className="App-header"
  >
    <h1
      className="App-title"
    >
      repoview
    </h1>
  </header>
  <div>
    <ul>
      <li>
        loading...
      </li>
    </ul>
  </div>
</div>
`;
